D/StrictMode(  458): StrictMode policy violation; ~duration=1867 ms: android.os.StrictMode$StrictModeDiskReadViolation: policy=2711 violation=2
D/StrictMode(  458): 	at android.os.StrictMode$AndroidBlockGuardPolicy.onReadFromDisk(StrictMode.java:1074)
D/StrictMode(  458): 	at android.database.sqlite.SQLiteStatement.acquireAndLock(SQLiteStatement.java:228)
D/StrictMode(  458): 	at android.database.sqlite.SQLiteStatement.simpleQueryForLong(SQLiteStatement.java:137)
D/StrictMode(  458): 	at android.database.DatabaseUtils.longForQuery(DatabaseUtils.java:713)
D/StrictMode(  458): 	at android.database.DatabaseUtils.longForQuery(DatabaseUtils.java:701)
D/StrictMode(  458): 	at android.database.sqlite.SQLiteDatabase.getVersion(SQLiteDatabase.java:1239)
D/StrictMode(  458): 	at android.database.sqlite.SQLiteOpenHelper.getWritableDatabase(SQLiteOpenHelper.java:160)
D/StrictMode(  458): 	at android.database.sqlite.SQLiteOpenHelper.getReadableDatabase(SQLiteOpenHelper.java:231)
D/StrictMode(  458): 	at com.android.providers.telephony.TelephonyProvider.query(TelephonyProvider.java:457)
D/StrictMode(  458): 	at android.content.ContentProvider$Transport.query(ContentProvider.java:178)
D/StrictMode(  458): 	at android.content.ContentResolver.query(ContentResolver.java:310)
D/StrictMode(  458): 	at com.android.internal.telephony.gsm.GsmDataConnectionTracker.createAllApnList(GsmDataConnectionTracker.java:2095)
D/StrictMode(  458): 	at com.android.internal.telephony.gsm.GsmDataConnectionTracker.onRecordsLoaded(GsmDataConnectionTracker.java:1660)
D/StrictMode(  458): 	at com.android.internal.telephony.gsm.GsmDataConnectionTracker.handleMessage(GsmDataConnectionTracker.java:2316)
D/StrictMode(  458): 	at android.os.Handler.dispatchMessage(Handler.java:99)
D/StrictMode(  458): 	at android.os.Looper.loop(Looper.java:137)
D/StrictMode(  458): 	at android.app.ActivityThread.main(ActivityThread.java:4340)
D/StrictMode(  458): 	at java.lang.reflect.Method.invokeNative(Native Method)
D/StrictMode(  458): 	at java.lang.reflect.Method.invoke(Method.java:511)
D/StrictMode(  458): 	at com.android.internal.os.ZygoteInit$MethodAndArgsCaller.run(ZygoteInit.java:784)
D/StrictMode(  458): 	at com.android.internal.os.ZygoteInit.main(ZygoteInit.java:551)
D/StrictMode(  458): 	at dalvik.system.NativeStart.main(Native Method)
D/StrictMode(  458): StrictMode policy violation; ~duration=1836 ms: android.os.StrictMode$StrictModeDiskReadViolation: policy=2711 violation=2
D/StrictMode(  458): 	at android.os.StrictMode$AndroidBlockGuardPolicy.onReadFromDisk(StrictMode.java:1074)
D/StrictMode(  458): 	at android.database.sqlite.SQLiteDatabase.rawQueryWithFactory(SQLiteDatabase.java:1557)
D/StrictMode(  458): 	at android.database.sqlite.SQLiteQueryBuilder.query(SQLiteQueryBuilder.java:354)
D/StrictMode(  458): 	at android.database.sqlite.SQLiteQueryBuilder.query(SQLiteQueryBuilder.java:291)
D/StrictMode(  458): 	at com.android.providers.telephony.TelephonyProvider.query(TelephonyProvider.java:458)
D/StrictMode(  458): 	at android.content.ContentProvider$Transport.query(ContentProvider.java:178)
D/StrictMode(  458): 	at android.content.ContentResolver.query(ContentResolver.java:310)
D/StrictMode(  458): 	at com.android.internal.telephony.gsm.GsmDataConnectionTracker.createAllApnList(GsmDataConnectionTracker.java:2095)
D/StrictMode(  458): 	at com.android.internal.telephony.gsm.GsmDataConnectionTracker.onRecordsLoaded(GsmDataConnectionTracker.java:1660)
D/StrictMode(  458): 	at com.android.internal.telephony.gsm.GsmDataConnectionTracker.handleMessage(GsmDataConnectionTracker.java:2316)
D/StrictMode(  458): 	at android.os.Handler.dispatchMessage(Handler.java:99)
D/StrictMode(  458): 	at android.os.Looper.loop(Looper.java:137)
D/StrictMode(  458): 	at android.app.ActivityThread.main(ActivityThread.java:4340)
D/StrictMode(  458): 	at java.lang.reflect.Method.invokeNative(Native Method)
D/StrictMode(  458): 	at java.lang.reflect.Method.invoke(Method.java:511)
D/StrictMode(  458): 	at com.android.internal.os.ZygoteInit$MethodAndArgsCaller.run(ZygoteInit.java:784)
D/StrictMode(  458): 	at com.android.internal.os.ZygoteInit.main(ZygoteInit.java:551)
D/StrictMode(  458): 	at dalvik.system.NativeStart.main(Native Method)
D/dalvikvm(  378): GC_CONCURRENT freed 579K, 6% free 12514K/13191K, paused 6ms+43ms
D/StrictMode(  458): StrictMode policy violation; ~duration=1710 ms: android.os.StrictMode$StrictModeDiskReadViolation: policy=2711 violation=2
D/StrictMode(  458): 	at android.os.StrictMode$AndroidBlockGuardPolicy.onReadFromDisk(StrictMode.java:1074)
D/StrictMode(  458): 	at android.database.sqlite.SQLiteDatabase.rawQueryWithFactory(SQLiteDatabase.java:1557)
D/StrictMode(  458): 	at android.database.sqlite.SQLiteQueryBuilder.query(SQLiteQueryBuilder.java:354)
D/StrictMode(  458): 	at android.database.sqlite.SQLiteQueryBuilder.query(SQLiteQueryBuilder.java:291)
D/StrictMode(  458): 	at com.android.providers.telephony.TelephonyProvider.query(TelephonyProvider.java:458)
D/StrictMode(  458): 	at android.content.ContentProvider$Transport.query(ContentProvider.java:178)
D/StrictMode(  458): 	at android.content.ContentResolver.query(ContentResolver.java:310)
D/StrictMode(  458): 	at com.android.internal.telephony.gsm.GsmDataConnectionTracker.getPreferredApn(GsmDataConnectionTracker.java:2276)
D/StrictMode(  458): 	at com.android.internal.telephony.gsm.GsmDataConnectionTracker.createAllApnList(GsmDataConnectionTracker.java:2112)
D/StrictMode(  458): 	at com.android.internal.telephony.gsm.GsmDataConnectionTracker.onRecordsLoaded(GsmDataConnectionTracker.java:1660)
D/StrictMode(  458): 	at com.android.internal.telephony.gsm.GsmDataConnectionTracker.handleMessage(GsmDataConnectionTracker.java:2316)
D/StrictMode(  458): 	at android.os.Handler.dispatchMessage(Handler.java:99)
D/StrictMode(  458): 	at android.os.Looper.loop(Looper.java:137)
D/StrictMode(  458): 	at android.app.ActivityThread.main(ActivityThread.java:4340)
D/StrictMode(  458): 	at java.lang.reflect.Method.invokeNative(Native Method)
D/StrictMode(  458): 	at java.lang.reflect.Method.invoke(Method.java:511)
D/StrictMode(  458): 	at com.android.internal.os.ZygoteInit$MethodAndArgsCaller.run(ZygoteInit.java:784)
D/StrictMode(  458): 	at com.android.internal.os.ZygoteInit.main(ZygoteInit.java:551)
D/StrictMode(  458): 	at dalvik.system.NativeStart.main(Native Method)
D/StrictMode(  458): StrictMode policy violation; ~duration=854 ms: android.os.StrictMode$StrictModeDiskWriteViolation: policy=2711 violation=1
D/StrictMode(  458): 	at android.os.StrictMode$AndroidBlockGuardPolicy.onWriteToDisk(StrictMode.java:1048)
D/StrictMode(  458): 	at android.database.sqlite.SQLiteStatement.acquireAndLock(SQLiteStatement.java:226)
D/StrictMode(  458): 	at android.database.sqlite.SQLiteStatement.executeUpdateDelete(SQLiteStatement.java:84)
D/StrictMode(  458): 	at android.database.sqlite.SQLiteDatabase.updateWithOnConflict(SQLiteDatabase.java:1810)
D/StrictMode(  458): 	at android.database.sqlite.SQLiteDatabase.update(SQLiteDatabase.java:1761)
D/StrictMode(  458): 	at com.android.providers.telephony.TelephonyProvider.insert(TelephonyProvider.java:561)
D/StrictMode(  458): 	at android.content.ContentProvider$Transport.insert(ContentProvider.java:189)
D/StrictMode(  458): 	at android.content.ContentResolver.insert(ContentResolver.java:729)
D/StrictMode(  458): 	at com.android.internal.telephony.gsm.GSMPhone.updateCurrentCarrierInProvider(GSMPhone.java:1328)
D/StrictMode(  458): 	at com.android.internal.telephony.gsm.GSMPhone.handleMessage(GSMPhone.java:1179)
D/StrictMode(  458): 	at android.os.Handler.dispatchMessage(Handler.java:99)
D/StrictMode(  458): 	at android.os.Looper.loop(Looper.java:137)
D/StrictMode(  458): 	at android.app.ActivityThread.main(ActivityThread.java:4340)
D/StrictMode(  458): 	at java.lang.reflect.Method.invokeNative(Native Method)
D/StrictMode(  458): 	at java.lang.reflect.Method.invoke(Method.java:511)
D/StrictMode(  458): 	at com.android.internal.os.ZygoteInit$MethodAndArgsCaller.run(ZygoteInit.java:784)
D/StrictMode(  458): 	at com.android.internal.os.ZygoteInit.main(ZygoteInit.java:551)
D/StrictMode(  458): 	at dalvik.system.NativeStart.main(Native Method)
D/StrictMode(  458): StrictMode policy violation; ~duration=761 ms: android.os.StrictMode$StrictModeDiskWriteViolation: policy=2711 violation=1
D/StrictMode(  458): 	at android.os.StrictMode$AndroidBlockGuardPolicy.onWriteToDisk(StrictMode.java:1048)
D/StrictMode(  458): 	at android.database.sqlite.SQLiteStatement.acquireAndLock(SQLiteStatement.java:226)
D/StrictMode(  458): 	at android.database.sqlite.SQLiteStatement.executeUpdateDelete(SQLiteStatement.java:84)
D/StrictMode(  458): 	at android.database.sqlite.SQLiteDatabase.executeSql(SQLiteDatabase.java:1899)
D/StrictMode(  458): 	at android.database.sqlite.SQLiteDatabase.execSQL(SQLiteDatabase.java:1839)
D/StrictMode(  458): 	at android.database.sqlite.SQLiteDatabase.beginTransaction(SQLiteDatabase.java:661)
D/StrictMode(  458): 	at android.database.sqlite.SQLiteDatabase.beginTransactionNonExclusive(SQLiteDatabase.java:576)
D/StrictMode(  458): 	at android.database.sqlite.SQLiteStatement.acquireAndLock(SQLiteStatement.java:247)
D/StrictMode(  458): 	at android.database.sqlite.SQLiteStatement.executeUpdateDelete(SQLiteStatement.java:84)
D/StrictMode(  458): 	at android.database.sqlite.SQLiteDatabase.updateWithOnConflict(SQLiteDatabase.java:1810)
D/StrictMode(  458): 	at android.database.sqlite.SQLiteDatabase.update(SQLiteDatabase.java:1761)
D/StrictMode(  458): 	at com.android.providers.telephony.TelephonyProvider.insert(TelephonyProvider.java:561)
D/StrictMode(  458): 	at android.content.ContentProvider$Transport.insert(ContentProvider.java:189)
D/StrictMode(  458): 	at android.content.ContentResolver.insert(ContentResolver.java:729)
D/StrictMode(  458): 	at com.android.internal.telephony.gsm.GSMPhone.updateCurrentCarrierInProvider(GSMPhone.java:1328)
D/StrictMode(  458): 	at com.android.internal.telephony.gsm.GSMPhone.handleMessage(GSMPhone.java:1179)
D/StrictMode(  458): 	at android.os.Handler.dispatchMessage(Handler.java:99)
D/StrictMode(  458): 	at android.os.Looper.loop(Looper.java:137)
D/StrictMode(  458): 	at android.app.ActivityThread.main(ActivityThread.java:4340)
D/StrictMode(  458): 	at java.lang.reflect.Method.invokeNative(Native Method)
D/StrictMode(  458): 	at java.lang.reflect.Method.invoke(Method.java:511)
D/StrictMode(  458): 	at com.android.internal.os.ZygoteInit$MethodAndArgsCaller.run(ZygoteInit.java:784)
D/StrictMode(  458): 	at com.android.internal.os.ZygoteInit.main(ZygoteInit.java:551)
D/StrictMode(  458): 	at dalvik.system.NativeStart.main(Native Method)
D/StrictMode(  458): StrictMode policy violation; ~duration=428 ms: android.os.StrictMode$StrictModeDiskWriteViolation: policy=2711 violation=1
D/StrictMode(  458): 	at android.os.StrictMode$AndroidBlockGuardPolicy.onWriteToDisk(StrictMode.java:1048)
D/StrictMode(  458): 	at android.database.sqlite.SQLiteStatement.acquireAndLock(SQLiteStatement.java:226)
D/StrictMode(  458): 	at android.database.sqlite.SQLiteStatement.executeUpdateDelete(SQLiteStatement.java:84)
D/StrictMode(  458): 	at android.database.sqlite.SQLiteDatabase.executeSql(SQLiteDatabase.java:1899)
D/StrictMode(  458): 	at android.database.sqlite.SQLiteDatabase.execSQL(SQLiteDatabase.java:1839)
D/StrictMode(  458): 	at android.database.sqlite.SQLiteDatabase.endTransaction(SQLiteDatabase.java:714)
D/StrictMode(  458): 	at android.database.sqlite.SQLiteStatement.releaseAndUnlock(SQLiteStatement.java:273)
D/StrictMode(  458): 	at android.database.sqlite.SQLiteStatement.executeUpdateDelete(SQLiteStatement.java:96)
D/StrictMode(  458): 	at android.database.sqlite.SQLiteDatabase.updateWithOnConflict(SQLiteDatabase.java:1810)
D/StrictMode(  458): 	at android.database.sqlite.SQLiteDatabase.update(SQLiteDatabase.java:1761)
D/StrictMode(  458): 	at com.android.providers.telephony.TelephonyProvider.insert(TelephonyProvider.java:561)
D/StrictMode(  458): 	at android.content.ContentProvider$Transport.insert(ContentProvider.java:189)
D/StrictMode(  458): 	at android.content.ContentResolver.insert(ContentResolver.java:729)
D/StrictMode(  458): 	at com.android.internal.telephony.gsm.GSMPhone.updateCurrentCarrierInProvider(GSMPhone.java:1328)
D/StrictMode(  458): 	at com.android.internal.telephony.gsm.GSMPhone.handleMessage(GSMPhone.java:1179)
D/StrictMode(  458): 	at android.os.Handler.dispatchMessage(Handler.java:99)
D/StrictMode(  458): 	at android.os.Looper.loop(Looper.java:137)
D/StrictMode(  458): 	at android.app.ActivityThread.main(ActivityThread.java:4340)
D/StrictMode(  458): 	at java.lang.reflect.Method.invokeNative(Native Method)
D/StrictMode(  458): 	at java.lang.reflect.Method.invoke(Method.java:511)
D/StrictMode(  458): 	at com.android.internal.os.ZygoteInit$MethodAndArgsCaller.run(ZygoteInit.java:784)
D/StrictMode(  458): 	at com.android.internal.os.ZygoteInit.main(ZygoteInit.java:551)
D/StrictMode(  458): 	at dalvik.system.NativeStart.main(Native Method)
D/StrictMode(  458): StrictMode policy violation; ~duration=316 ms: android.os.StrictMode$StrictModeDiskWriteViolation: policy=2711 violation=1
D/StrictMode(  458): 	at android.os.StrictMode$AndroidBlockGuardPolicy.onWriteToDisk(StrictMode.java:1048)
D/StrictMode(  458): 	at android.database.sqlite.SQLiteStatement.acquireAndLock(SQLiteStatement.java:226)
D/StrictMode(  458): 	at android.database.sqlite.SQLiteStatement.executeUpdateDelete(SQLiteStatement.java:84)
D/StrictMode(  458): 	at android.database.sqlite.SQLiteDatabase.updateWithOnConflict(SQLiteDatabase.java:1810)
D/StrictMode(  458): 	at android.database.sqlite.SQLiteDatabase.update(SQLiteDatabase.java:1761)
D/StrictMode(  458): 	at com.android.providers.telephony.TelephonyProvider.insert(TelephonyProvider.java:564)
D/StrictMode(  458): 	at android.content.ContentProvider$Transport.insert(ContentProvider.java:189)
D/StrictMode(  458): 	at android.content.ContentResolver.insert(ContentResolver.java:729)
D/StrictMode(  458): 	at com.android.internal.telephony.gsm.GSMPhone.updateCurrentCarrierInProvider(GSMPhone.java:1328)
D/StrictMode(  458): 	at com.android.internal.telephony.gsm.GSMPhone.handleMessage(GSMPhone.java:1179)
D/StrictMode(  458): 	at android.os.Handler.dispatchMessage(Handler.java:99)
D/StrictMode(  458): 	at android.os.Looper.loop(Looper.java:137)
D/StrictMode(  458): 	at android.app.ActivityThread.main(ActivityThread.java:4340)
D/StrictMode(  458): 	at java.lang.reflect.Method.invokeNative(Native Method)
D/StrictMode(  458): 	at java.lang.reflect.Method.invoke(Method.java:511)
D/StrictMode(  458): 	at com.android.internal.os.ZygoteInit$MethodAndArgsCaller.run(ZygoteInit.java:784)
D/StrictMode(  458): 	at com.android.internal.os.ZygoteInit.main(ZygoteInit.java:551)
D/StrictMode(  458): 	at dalvik.system.NativeStart.main(Native Method)
D/dalvikvm(  476): GC_CONCURRENT freed 385K, 5% free 10745K/11271K, paused 4ms+19ms
D/dalvikvm(  378): GC_FOR_ALLOC freed 227K, 6% free 12577K/13319K, paused 314ms
I/ActivityThread(  585): Pub com.android.calendar: com.android.providers.calendar.CalendarProvider2
D/StrictMode(  458): StrictMode policy violation; ~duration=154 ms: android.os.StrictMode$StrictModeDiskWriteViolation: policy=2711 violation=1
D/StrictMode(  458): 	at android.os.StrictMode$AndroidBlockGuardPolicy.onWriteToDisk(StrictMode.java:1048)
D/StrictMode(  458): 	at android.database.sqlite.SQLiteStatement.acquireAndLock(SQLiteStatement.java:226)
D/StrictMode(  458): 	at android.database.sqlite.SQLiteStatement.executeUpdateDelete(SQLiteStatement.java:84)
D/StrictMode(  458): 	at android.database.sqlite.SQLiteDatabase.executeSql(SQLiteDatabase.java:1899)
D/StrictMode(  458): 	at android.database.sqlite.SQLiteDatabase.execSQL(SQLiteDatabase.java:1839)
D/StrictMode(  458): 	at android.database.sqlite.SQLiteDatabase.beginTransaction(SQLiteDatabase.java:661)
D/StrictMode(  458): 	at android.database.sqlite.SQLiteDatabase.beginTransactionNonExclusive(SQLiteDatabase.java:576)
D/StrictMode(  458): 	at android.database.sqlite.SQLiteStatement.acquireAndLock(SQLiteStatement.java:247)
D/StrictMode(  458): 	at android.database.sqlite.SQLiteStatement.executeUpdateDelete(SQLiteStatement.java:84)
D/StrictMode(  458): 	at android.database.sqlite.SQLiteDatabase.updateWithOnConflict(SQLiteDatabase.java:1810)
D/StrictMode(  458): 	at android.database.sqlite.SQLiteDatabase.update(SQLiteDatabase.java:1761)
D/StrictMode(  458): 	at com.android.providers.telephony.TelephonyProvider.insert(TelephonyProvider.java:564)
D/StrictMode(  458): 	at android.content.ContentProvider$Transport.insert(ContentProvider.java:189)
D/StrictMode(  458): 	at android.content.ContentResolver.insert(ContentResolver.java:729)
D/StrictMode(  458): 	at com.android.internal.telephony.gsm.GSMPhone.updateCurrentCarrierInProvider(GSMPhone.java:1328)
D/StrictMode(  458): 	at com.android.internal.telephony.gsm.GSMPhone.handleMessage(GSMPhone.java:1179)
D/StrictMode(  458): 	at android.os.Handler.dispatchMessage(Handler.java:99)
D/StrictMode(  458): 	at android.os.Looper.loop(Looper.java:137)
D/StrictMode(  458): 	at android.app.ActivityThread.main(ActivityThread.java:4340)
D/StrictMode(  458): 	at java.lang.reflect.Method.invokeNative(Native Method)
D/StrictMode(  458): 	at java.lang.reflect.Method.invoke(Method.java:511)
D/StrictMode(  458): 	at com.android.internal.os.ZygoteInit$MethodAndArgsCaller.run(ZygoteInit.java:784)
D/StrictMode(  458): 	at com.android.internal.os.ZygoteInit.main(ZygoteInit.java:551)
D/StrictMode(  458): 	at dalvik.system.NativeStart.main(Native Method)
D/ConnectivityService(  378): ConnectivityChange for mobile: CONNECTED/CONNECTED
I/ActivityManager(  378): Start proc android.process.media for content provider com.android.providers.downloads/.DownloadProvider: pid=601 uid=10008 gids={1015, 1023, 1024, 1006, 2001, 3003, 3007}
D/dalvikvm(  367): GC_EXPLICIT freed 34K, 4% free 9848K/10179K, paused 42ms+107ms
F/NetworkStats(  378): problem reading network stats
F/NetworkStats(  378): java.lang.IllegalStateException: problem parsing line: null
F/NetworkStats(  378): 	at com.android.internal.net.NetworkStatsFactory.readNetworkStatsDetail(NetworkStatsFactory.java:313)
F/NetworkStats(  378): 	at com.android.server.NetworkManagementService.getNetworkStatsUidDetail(NetworkManagementService.java:1271)
F/NetworkStats(  378): 	at com.android.server.net.NetworkStatsService.performPollLocked(NetworkStatsService.java:810)
F/NetworkStats(  378): 	at com.android.server.net.NetworkStatsService.updateIfacesLocked(NetworkStatsService.java:721)
F/NetworkStats(  378): 	at com.android.server.net.NetworkStatsService.updateIfaces(NetworkStatsService.java:699)
F/NetworkStats(  378): 	at com.android.server.net.NetworkStatsService.access$000(NetworkStatsService.java:128)
F/NetworkStats(  378): 	at com.android.server.net.NetworkStatsService$1.onReceive(NetworkStatsService.java:589)
F/NetworkStats(  378): 	at android.app.LoadedApk$ReceiverDispatcher$Args.run(LoadedApk.java:728)
F/NetworkStats(  378): 	at android.os.Handler.handleCallback(Handler.java:605)
F/NetworkStats(  378): 	at android.os.Handler.dispatchMessage(Handler.java:92)
F/NetworkStats(  378): 	at android.os.Looper.loop(Looper.java:137)
F/NetworkStats(  378): 	at android.os.HandlerThread.run(HandlerThread.java:60)
F/NetworkStats(  378): Caused by: java.io.FileNotFoundException: /proc/net/xt_qtaguid/stats: open failed: ENOENT (No such file or directory)
F/NetworkStats(  378): 	at libcore.io.IoBridge.open(IoBridge.java:406)
F/NetworkStats(  378): 	at java.io.FileInputStream.<init>(FileInputStream.java:78)
F/NetworkStats(  378): 	at java.io.FileReader.<init>(FileReader.java:42)
F/NetworkStats(  378): 	at com.android.internal.net.NetworkStatsFactory.readNetworkStatsDetail(NetworkStatsFactory.java:272)
F/NetworkStats(  378): 	... 11 more
F/NetworkStats(  378): Caused by: libcore.io.ErrnoException: open failed: ENOENT (No such file or directory)
F/NetworkStats(  378): 	at libcore.io.Posix.open(Native Method)
F/NetworkStats(  378): 	at libcore.io.BlockGuardOs.open(BlockGuardOs.java:98)
F/NetworkStats(  378): 	at libcore.io.IoBridge.open(IoBridge.java:390)
F/NetworkStats(  378): 	... 14 more
W/WindowManager(  378): App freeze timeout expired.
W/WindowManager(  378): Force clearing freeze: AppWindowToken{414fcd48 token=ActivityRecord{414c97b0 com.android.launcher/com.android.launcher2.Launcher}}
D/Launcher.Model(  476): Reload apps on config change. curr_mcc:310 prevmcc:0
W/dalvikvm(  561): threadid=5: spin on suspend #1 threadid=2 (pcf=0)
D/dalvikvm(  561): Temporarily moving tid 563 to fg (was 0)
D/dalvikvm(  367): GC_EXPLICIT freed <1K, 4% free 9848K/10179K, paused 24ms+17ms
D/NetworkPolicy(  378): applying policy NetworkPolicy[NetworkTemplate: matchRule=MOBILE_ALL, subscriberId=310260000000000]: cycleDay=27, warningBytes=2147483648, limitBytes=-1, lastSnooze=-1 to ifaces [eth0]
I/ActivityThread(  601): Pub media: com.android.providers.media.MediaProvider
W/dalvikvm(  561): threadid=5: spin on suspend resolved in 1867 msec
D/dalvikvm(  561): Restored policy of 563 to 0
D/dalvikvm(  367): GC_EXPLICIT freed <1K, 4% free 9848K/10179K, paused 55ms+39ms
D/StrictMode(  585): StrictMode policy violation; ~duration=808 ms: android.os.StrictMode$StrictModeDiskWriteViolation: policy=2711 violation=1
D/StrictMode(  585): 	at android.os.StrictMode$AndroidBlockGuardPolicy.onWriteToDisk(StrictMode.java:1048)
D/StrictMode(  585): 	at android.database.sqlite.SQLiteStatement.acquireAndLock(SQLiteStatement.java:226)
D/StrictMode(  585): 	at android.database.sqlite.SQLiteStatement.executeUpdateDelete(SQLiteStatement.java:84)
D/StrictMode(  585): 	at android.database.sqlite.SQLiteDatabase.executeSql(SQLiteDatabase.java:1899)
D/StrictMode(  585): 	at android.database.sqlite.SQLiteDatabase.execSQL(SQLiteDatabase.java:1839)
D/StrictMode(  585): 	at android.database.sqlite.SQLiteDatabase.setPageSize(SQLiteDatabase.java:1297)
D/StrictMode(  585): 	at android.database.sqlite.SQLiteDatabase.openDatabase(SQLiteDatabase.java:995)
D/StrictMode(  585): 	at android.database.sqlite.SQLiteDatabase.openOrCreateDatabase(SQLiteDatabase.java:1051)
D/StrictMode(  585): 	at android.app.ContextImpl.openOrCreateDatabase(ContextImpl.java:770)
D/StrictMode(  585): 	at android.content.ContextWrapper.openOrCreateDatabase(ContextWrapper.java:221)
D/StrictMode(  585): 	at android.database.sqlite.SQLiteOpenHelper.getWritableDatabase(SQLiteOpenHelper.java:157)
D/StrictMode(  585): 	at com.android.providers.calendar.CalendarDatabaseHelper.getWritableDatabase(CalendarDatabaseHelper.java:2735)
D/StrictMode(  585): 	at com.android.providers.calendar.CalendarProvider2.initialize(CalendarProvider2.java:476)
D/StrictMode(  585): 	at com.android.providers.calendar.CalendarProvider2.onCreate(CalendarProvider2.java:460)
D/StrictMode(  585): 	at android.content.ContentProvider.attachInfo(ContentProvider.java:944)
D/StrictMode(  585): 	at android.app.ActivityThread.installProvider(ActivityThread.java:4198)
D/StrictMode(  585): 	at android.app.ActivityThread.installContentProviders(ActivityThread.java:3963)
D/StrictMode(  585): 	at android.app.ActivityThread.handleBindApplication(ActivityThread.java:3917)
D/StrictMode(  585): 	at android.app.ActivityThread.access$1300(ActivityThread.java:122)
D/StrictMode(  585): 	at android.app.ActivityThread$H.handleMessage(ActivityThread.java:1184)
D/StrictMode(  585): 	at android.os.Handler.dispatchMessage(Handler.java:99)
D/StrictMode(  585): 	at android.os.Looper.loop(Looper.java:137)
D/StrictMode(  585): 	at android.app.ActivityThread.main(ActivityThread.java:4340)
D/StrictMode(  585): 	at java.lang.reflect.Method.invokeNative(Native Method)
D/StrictMode(  585): 	at java.lang.reflect.Method.invoke(Method.java:511)
D/StrictMode(  585): 	at com.android.internal.os.ZygoteInit$MethodAndArgsCaller.run(ZygoteInit.java:784)
D/StrictMode(  585): 	at com.android.internal.os.ZygoteInit.main(ZygoteInit.java:551)
D/StrictMode(  585): 	at dalvik.system.NativeStart.main(Native Method)
I/ActivityManager(  378): Start proc com.android.deskclock for broadcast com.android.deskclock/.AlarmInitReceiver: pid=618 uid=10013 gids={}
I/WindowManager(  378): createSurface Window{416396d0 com.android.launcher/com.android.launcher2.Launcher paused=false}: DRAW NOW PENDING
D/gralloc_goldfish(  476): Emulator without GPU emulation detected.
D/StrictMode(  585): StrictMode policy violation; ~duration=700 ms: android.os.StrictMode$StrictModeDiskReadViolation: policy=2711 violation=2
D/StrictMode(  585): 	at android.os.StrictMode$AndroidBlockGuardPolicy.onReadFromDisk(StrictMode.java:1074)
D/StrictMode(  585): 	at android.database.sqlite.SQLiteStatement.acquireAndLock(SQLiteStatement.java:228)
D/StrictMode(  585): 	at android.database.sqlite.SQLiteStatement.simpleQueryForString(SQLiteStatement.java:160)
D/StrictMode(  585): 	at android.database.DatabaseUtils.stringForQuery(DatabaseUtils.java:735)
D/StrictMode(  585): 	at android.database.DatabaseUtils.stringForQuery(DatabaseUtils.java:723)
D/StrictMode(  585): 	at android.database.sqlite.SQLiteDatabase.setJournalMode(SQLiteDatabase.java:1060)
D/StrictMode(  585): 	at android.database.sqlite.SQLiteDatabase.openDatabase(SQLiteDatabase.java:996)
D/StrictMode(  585): 	at android.database.sqlite.SQLiteDatabase.openOrCreateDatabase(SQLiteDatabase.java:1051)
D/StrictMode(  585): 	at android.app.ContextImpl.openOrCreateDatabase(ContextImpl.java:770)
D/StrictMode(  585): 	at android.content.ContextWrapper.openOrCreateDatabase(ContextWrapper.java:221)
D/StrictMode(  585): 	at android.database.sqlite.SQLiteOpenHelper.getWritableDatabase(SQLiteOpenHelper.java:157)
D/StrictMode(  585): 	at com.android.providers.calendar.CalendarDatabaseHelper.getWritableDatabase(CalendarDatabaseHelper.java:2735)
D/StrictMode(  585): 	at com.android.providers.calendar.CalendarProvider2.initialize(CalendarProvider2.java:476)
D/StrictMode(  585): 	at com.android.providers.calendar.CalendarProvider2.onCreate(CalendarProvider2.java:460)
D/StrictMode(  585): 	at android.content.ContentProvider.attachInfo(ContentProvider.java:944)
D/StrictMode(  585): 	at android.app.ActivityThread.installProvider(ActivityThread.java:4198)
D/StrictMode(  585): 	at android.app.ActivityThread.installContentProviders(ActivityThread.java:3963)
D/StrictMode(  585): 	at android.app.ActivityThread.handleBindApplication(ActivityThread.java:3917)
D/StrictMode(  585): 	at android.app.ActivityThread.access$1300(ActivityThread.java:122)
D/StrictMode(  585): 	at android.app.ActivityThread$H.handleMessage(ActivityThread.java:1184)
D/StrictMode(  585): 	at android.os.Handler.dispatchMessage(Handler.java:99)
D/StrictMode(  585): 	at android.os.Looper.loop(Looper.java:137)
D/StrictMode(  585): 	at android.app.ActivityThread.main(ActivityThread.java:4340)
D/StrictMode(  585): 	at java.lang.reflect.Method.invokeNative(Native Method)
D/StrictMode(  585): 	at java.lang.reflect.Method.invoke(Method.java:511)
D/StrictMode(  585): 	at com.android.internal.os.ZygoteInit$MethodAndArgsCaller.run(ZygoteInit.java:784)
D/StrictMode(  585): 	at com.android.internal.os.ZygoteInit.main(ZygoteInit.java:551)
D/StrictMode(  585): 	at dalvik.system.NativeStart.main(Native Method)
W/TextLayoutCache(  476): computeValuesWithHarfbuzz -- need to force to single run
D/Tethering(  378): Tethering got CONNECTIVITY_ACTION
D/Tethering(  378): MasterInitialState.processMessage what=3
I/ActivityThread(  618): Pub com.android.deskclock: com.android.deskclock.AlarmProvider
D/dalvikvm(  378): GC_EXPLICIT freed 468K, 7% free 12461K/13319K, paused 5ms+28ms
D/dalvikvm(  601): GC_CONCURRENT freed 353K, 5% free 9952K/10439K, paused 4ms+4ms
I/ActivityThread(  601): Pub downloads: com.android.providers.downloads.DownloadProvider
I/ActivityThread(  601): Pub drm: com.android.providers.drm.DrmProvider
I/DownloadManager(  601): in removeSpuriousFiles
D/StrictMode(  601): StrictMode policy violation; ~duration=1708 ms: android.os.StrictMode$StrictModeDiskWriteViolation: policy=2711 violation=1
D/StrictMode(  601): 	at android.os.StrictMode$AndroidBlockGuardPolicy.onWriteToDisk(StrictMode.java:1048)
D/StrictMode(  601): 	at android.database.sqlite.SQLiteStatement.acquireAndLock(SQLiteStatement.java:226)
D/StrictMode(  601): 	at android.database.sqlite.SQLiteStatement.executeUpdateDelete(SQLiteStatement.java:84)
D/StrictMode(  601): 	at android.database.sqlite.SQLiteDatabase.executeSql(SQLiteDatabase.java:1899)
D/StrictMode(  601): 	at android.database.sqlite.SQLiteDatabase.execSQL(SQLiteDatabase.java:1839)
D/StrictMode(  601): 	at android.database.sqlite.SQLiteDatabase.setPageSize(SQLiteDatabase.java:1297)
D/StrictMode(  601): 	at android.database.sqlite.SQLiteDatabase.openDatabase(SQLiteDatabase.java:995)
D/StrictMode(  601): 	at android.database.sqlite.SQLiteDatabase.openOrCreateDatabase(SQLiteDatabase.java:1051)
D/StrictMode(  601): 	at android.app.ContextImpl.openOrCreateDatabase(ContextImpl.java:770)
D/StrictMode(  601): 	at android.database.sqlite.SQLiteOpenHelper.getWritableDatabase(SQLiteOpenHelper.java:157)
D/StrictMode(  601): 	at com.android.providers.media.MediaProvider$DatabaseHelper.getWritableDatabase(MediaProvider.java:310)
D/StrictMode(  601): 	at com.android.providers.media.MediaProvider.attachVolume(MediaProvider.java:4373)
D/StrictMode(  601): 	at com.android.providers.media.MediaProvider.onCreate(MediaProvider.java:503)
D/StrictMode(  601): 	at android.content.ContentProvider.attachInfo(ContentProvider.java:944)
D/StrictMode(  601): 	at android.app.ActivityThread.installProvider(ActivityThread.java:4198)
D/StrictMode(  601): 	at android.app.ActivityThread.installContentProviders(ActivityThread.java:3963)
D/StrictMode(  601): 	at android.app.ActivityThread.handleBindApplication(ActivityThread.java:3917)
D/StrictMode(  601): 	at android.app.ActivityThread.access$1300(ActivityThread.java:122)
D/StrictMode(  601): 	at android.app.ActivityThread$H.handleMessage(ActivityThread.java:1184)
D/StrictMode(  601): 	at android.os.Handler.dispatchMessage(Handler.java:99)
D/StrictMode(  601): 	at android.os.Looper.loop(Looper.java:137)
D/StrictMode(  601): 	at android.app.ActivityThread.main(ActivityThread.java:4340)
D/StrictMode(  601): 	at java.lang.reflect.Method.invokeNative(Native Method)
D/StrictMode(  601): 	at java.lang.reflect.Method.invoke(Method.java:511)
D/StrictMode(  601): 	at com.android.internal.os.ZygoteInit$MethodAndArgsCaller.run(ZygoteInit.java:784)
D/StrictMode(  601): 	at com.android.internal.os.ZygoteInit.main(ZygoteInit.java:551)
D/StrictMode(  601): 	at dalvik.system.NativeStart.main(Native Method)
D/StrictMode(  601): StrictMode policy violation; ~duration=1598 ms: android.os.StrictMode$StrictModeDiskReadViolation: policy=2711 violation=2
D/StrictMode(  601): 	at android.os.StrictMode$AndroidBlockGuardPolicy.onReadFromDisk(StrictMode.java:1074)
D/StrictMode(  601): 	at android.database.sqlite.SQLiteStatement.acquireAndLock(SQLiteStatement.java:228)
D/StrictMode(  601): 	at android.database.sqlite.SQLiteStatement.simpleQueryForString(SQLiteStatement.java:160)
D/StrictMode(  601): 	at android.database.DatabaseUtils.stringForQuery(DatabaseUtils.java:735)
D/StrictMode(  601): 	at android.database.DatabaseUtils.stringForQuery(DatabaseUtils.java:723)
D/StrictMode(  601): 	at android.database.sqlite.SQLiteDatabase.setJournalMode(SQLiteDatabase.java:1060)
D/StrictMode(  601): 	at android.database.sqlite.SQLiteDatabase.openDatabase(SQLiteDatabase.java:996)
D/StrictMode(  601): 	at android.database.sqlite.SQLiteDatabase.openOrCreateDatabase(SQLiteDatabase.java:1051)
D/StrictMode(  601): 	at android.app.ContextImpl.openOrCreateDatabase(ContextImpl.java:770)
D/StrictMode(  601): 	at android.database.sqlite.SQLiteOpenHelper.getWritableDatabase(SQLiteOpenHelper.java:157)
D/StrictMode(  601): 	at com.android.providers.media.MediaProvider$DatabaseHelper.getWritableDatabase(MediaProvider.java:310)
D/StrictMode(  601): 	at com.android.providers.media.MediaProvider.attachVolume(MediaProvider.java:4373)
D/StrictMode(  601): 	at com.android.providers.media.MediaProvider.onCreate(MediaProvider.java:503)
D/StrictMode(  601): 	at android.content.ContentProvider.attachInfo(ContentProvider.java:944)
D/StrictMode(  601): 	at android.app.ActivityThread.installProvider(ActivityThread.java:4198)
D/StrictMode(  601): 	at android.app.ActivityThread.installContentProviders(ActivityThread.java:3963)
D/StrictMode(  601): 	at android.app.ActivityThread.handleBindApplication(ActivityThread.java:3917)
D/StrictMode(  601): 	at android.app.ActivityThread.access$1300(ActivityThread.java:122)
D/StrictMode(  601): 	at android.app.ActivityThread$H.handleMessage(ActivityThread.java:1184)
D/StrictMode(  601): 	at android.os.Handler.dispatchMessage(Handler.java:99)
D/StrictMode(  601): 	at android.os.Looper.loop(Looper.java:137)
D/StrictMode(  601): 	at android.app.ActivityThread.main(ActivityThread.java:4340)
D/StrictMode(  601): 	at java.lang.reflect.Method.invokeNative(Native Method)
D/StrictMode(  601): 	at java.lang.reflect.Method.invoke(Method.java:511)
D/StrictMode(  601): 	at com.android.internal.os.ZygoteInit$MethodAndArgsCaller.run(ZygoteInit.java:784)
D/StrictMode(  601): 	at com.android.internal.os.ZygoteInit.main(ZygoteInit.java:551)
D/StrictMode(  601): 	at dalvik.system.NativeStart.main(Native Method)
D/StrictMode(  601): StrictMode policy violation; ~duration=1377 ms: android.os.StrictMode$StrictModeDiskReadViolation: policy=2711 violation=2
D/StrictMode(  601): 	at android.os.StrictMode$AndroidBlockGuardPolicy.onReadFromDisk(StrictMode.java:1074)
D/StrictMode(  601): 	at android.database.sqlite.SQLiteStatement.acquireAndLock(SQLiteStatement.java:228)
D/StrictMode(  601): 	at android.database.sqlite.SQLiteStatement.simpleQueryForLong(SQLiteStatement.java:137)
D/StrictMode(  601): 	at android.database.DatabaseUtils.longForQuery(DatabaseUtils.java:713)
D/StrictMode(  601): 	at android.database.DatabaseUtils.longForQuery(DatabaseUtils.java:701)
D/StrictMode(  601): 	at android.database.sqlite.SQLiteDatabase.getVersion(SQLiteDatabase.java:1239)
D/StrictMode(  601): 	at android.database.sqlite.SQLiteOpenHelper.getWritableDatabase(SQLiteOpenHelper.java:160)
D/StrictMode(  601): 	at com.android.providers.media.MediaProvider$DatabaseHelper.getWritableDatabase(MediaProvider.java:310)
D/StrictMode(  601): 	at com.android.providers.media.MediaProvider.attachVolume(MediaProvider.java:4373)
D/StrictMode(  601): 	at com.android.providers.media.MediaProvider.onCreate(MediaProvider.java:503)
D/StrictMode(  601): 	at android.content.ContentProvider.attachInfo(ContentProvider.java:944)
D/StrictMode(  601): 	at android.app.ActivityThread.installProvider(ActivityThread.java:4198)
D/StrictMode(  601): 	at android.app.ActivityThread.installContentProviders(ActivityThread.java:3963)
D/StrictMode(  601): 	at android.app.ActivityThread.handleBindApplication(ActivityThread.java:3917)
D/StrictMode(  601): 	at android.app.ActivityThread.access$1300(ActivityThread.java:122)
D/StrictMode(  601): 	at android.app.ActivityThread$H.handleMessage(ActivityThread.java:1184)
D/StrictMode(  601): 	at android.os.Handler.dispatchMessage(Handler.java:99)
D/StrictMode(  601): 	at android.os.Looper.loop(Looper.java:137)
D/StrictMode(  601): 	at android.app.ActivityThread.main(ActivityThread.java:4340)
D/StrictMode(  601): 	at java.lang.reflect.Method.invokeNative(Native Method)
D/StrictMode(  601): 	at java.lang.reflect.Method.invoke(Method.java:511)
D/StrictMode(  601): 	at com.android.internal.os.ZygoteInit$MethodAndArgsCaller.run(ZygoteInit.java:784)
D/StrictMode(  601): 	at com.android.internal.os.ZygoteInit.main(ZygoteInit.java:551)
D/StrictMode(  601): 	at dalvik.system.NativeStart.main(Native Method)
D/StrictMode(  601): StrictMode policy violation; ~duration=1308 ms: android.os.StrictMode$StrictModeDiskReadViolation: policy=2711 violation=2
D/StrictMode(  601): 	at android.os.StrictMode$AndroidBlockGuardPolicy.onReadFromDisk(StrictMode.java:1074)
D/StrictMode(  601): 	at android.database.sqlite.SQLiteStatement.acquireAndLock(SQLiteStatement.java:228)
D/StrictMode(  601): 	at android.database.sqlite.SQLiteStatement.simpleQueryForString(SQLiteStatement.java:160)
D/StrictMode(  601): 	at android.database.DatabaseUtils.stringForQuery(DatabaseUtils.java:735)
D/StrictMode(  601): 	at android.database.DatabaseUtils.stringForQuery(DatabaseUtils.java:723)
D/StrictMode(  601): 	at android.database.sqlite.SQLiteDatabase.setJournalMode(SQLiteDatabase.java:1060)
D/StrictMode(  601): 	at android.database.sqlite.SQLiteDatabase.enableWriteAheadLogging(SQLiteDatabase.java:2343)
D/StrictMode(  601): 	at com.android.providers.media.MediaProvider$DatabaseHelper.onOpen(MediaProvider.java:339)
D/StrictMode(  601): 	at android.database.sqlite.SQLiteOpenHelper.getWritableDatabase(SQLiteOpenHelper.java:180)
D/StrictMode(  601): 	at com.android.providers.media.MediaProvider$DatabaseHelper.getWritableDatabase(MediaProvider.java:310)
D/StrictMode(  601): 	at com.android.providers.media.MediaProvider.attachVolume(MediaProvider.java:4373)
D/StrictMode(  601): 	at com.android.providers.media.MediaProvider.onCreate(MediaProvider.java:503)
D/StrictMode(  601): 	at android.content.ContentProvider.attachInfo(ContentProvider.java:944)
D/StrictMode(  601): 	at android.app.ActivityThread.installProvider(ActivityThread.java:4198)
D/StrictMode(  601): 	at android.app.ActivityThread.installContentProviders(ActivityThread.java:3963)
D/StrictMode(  601): 	at android.app.ActivityThread.handleBindApplication(ActivityThread.java:3917)
D/StrictMode(  601): 	at android.app.ActivityThread.access$1300(ActivityThread.java:122)
D/StrictMode(  601): 	at android.app.ActivityThread$H.handleMessage(ActivityThread.java:1184)
D/StrictMode(  601): 	at android.os.Handler.dispatchMessage(Handler.java:99)
D/StrictMode(  601): 	at android.os.Looper.loop(Looper.java:137)
D/StrictMode(  601): 	at android.app.ActivityThread.main(ActivityThread.java:4340)
D/StrictMode(  601): 	at java.lang.reflect.Method.invokeNative(Native Method)
D/StrictMode(  601): 	at java.lang.reflect.Method.invoke(Method.java:511)
D/StrictMode(  601): 	at com.android.internal.os.ZygoteInit$MethodAndArgsCaller.run(ZygoteInit.java:784)
D/StrictMode(  601): 	at com.android.internal.os.ZygoteInit.main(ZygoteInit.java:551)
D/StrictMode(  601): 	at dalvik.system.NativeStart.main(Native Method)
D/StrictMode(  601): StrictMode policy violation; ~duration=1123 ms: android.os.StrictMode$StrictModeDiskReadViolation: policy=2711 violation=2
D/StrictMode(  601): 	at android.os.StrictMode$AndroidBlockGuardPolicy.onReadFromDisk(StrictMode.java:1074)
D/StrictMode(  601): 	at android.app.SharedPreferencesImpl.awaitLoadedLocked(SharedPreferencesImpl.java:184)
D/StrictMode(  601): 	at android.app.SharedPreferencesImpl.getInt(SharedPreferencesImpl.java:220)
D/StrictMode(  601): 	at com.android.providers.media.MediaProvider.createDefaultFolders(MediaProvider.java:447)
D/StrictMode(  601): 	at com.android.providers.media.MediaProvider.attachVolume(MediaProvider.java:4373)
D/StrictMode(  601): 	at com.android.providers.media.MediaProvider.onCreate(MediaProvider.java:503)
D/StrictMode(  601): 	at android.content.ContentProvider.attachInfo(ContentProvider.java:944)
D/StrictMode(  601): 	at android.app.ActivityThread.installProvider(ActivityThread.java:4198)
D/StrictMode(  601): 	at android.app.ActivityThread.installContentProviders(ActivityThread.java:3963)
D/StrictMode(  601): 	at android.app.ActivityThread.handleBindApplication(ActivityThread.java:3917)
D/StrictMode(  601): 	at android.app.ActivityThread.access$1300(ActivityThread.java:122)
D/StrictMode(  601): 	at android.app.ActivityThread$H.handleMessage(ActivityThread.java:1184)
D/StrictMode(  601): 	at android.os.Handler.dispatchMessage(Handler.java:99)
D/StrictMode(  601): 	at android.os.Looper.loop(Looper.java:137)
D/StrictMode(  601): 	at android.app.ActivityThread.main(ActivityThread.java:4340)
D/StrictMode(  601): 	at java.lang.reflect.Method.invokeNative(Native Method)
D/StrictMode(  601): 	at java.lang.reflect.Method.invoke(Method.java:511)
D/StrictMode(  601): 	at com.android.internal.os.ZygoteInit$MethodAndArgsCaller.run(ZygoteInit.java:784)
D/StrictMode(  601): 	at com.android.internal.os.ZygoteInit.main(ZygoteInit.java:551)
D/StrictMode(  601): 	at dalvik.system.NativeStart.main(Native Method)
D/StrictMode(  601): StrictMode policy violation; ~duration=905 ms: android.os.StrictMode$StrictModeDiskReadViolation: policy=2711 violation=2
D/StrictMode(  601): 	at android.os.StrictMode$AndroidBlockGuardPolicy.onReadFromDisk(StrictMode.java:1074)
D/StrictMode(  601): 	at android.database.sqlite.SQLiteDatabase.rawQueryWithFactory(SQLiteDatabase.java:1557)
D/StrictMode(  601): 	at android.database.sqlite.SQLiteQueryBuilder.query(SQLiteQueryBuilder.java:354)
D/StrictMode(  601): 	at com.android.providers.media.MediaProvider.query(MediaProvider.java:2240)
D/StrictMode(  601): 	at com.android.providers.media.MediaProvider.attachVolume(MediaProvider.java:4382)
D/StrictMode(  601): 	at com.android.providers.media.MediaProvider.onCreate(MediaProvider.java:503)
D/StrictMode(  601): 	at android.content.ContentProvider.attachInfo(ContentProvider.java:944)
D/StrictMode(  601): 	at android.app.ActivityThread.installProvider(ActivityThread.java:4198)
D/StrictMode(  601): 	at android.app.ActivityThread.installContentProviders(ActivityThread.java:3963)
D/StrictMode(  601): 	at android.app.ActivityThread.handleBindApplication(ActivityThread.java:3917)
D/StrictMode(  601): 	at android.app.ActivityThread.access$1300(ActivityThread.java:122)
D/StrictMode(  601): 	at android.app.ActivityThread$H.handleMessage(ActivityThread.java:1184)
D/StrictMode(  601): 	at android.os.Handler.dispatchMessage(Handler.java:99)
D/StrictMode(  601): 	at android.os.Looper.loop(Looper.java:137)
D/StrictMode(  601): 	at android.app.ActivityThread.main(ActivityThread.java:4340)
D/StrictMode(  601): 	at java.lang.reflect.Method.invokeNative(Native Method)
D/StrictMode(  601): 	at java.lang.reflect.Method.invoke(Method.java:511)
D/StrictMode(  601): 	at com.android.internal.os.ZygoteInit$MethodAndArgsCaller.run(ZygoteInit.java:784)
D/StrictMode(  601): 	at com.android.internal.os.ZygoteInit.main(ZygoteInit.java:551)
D/StrictMode(  601): 	at dalvik.system.NativeStart.main(Native Method)
I/ActivityManager(  378): Start proc com.android.mms for broadcast com.android.mms/.transaction.MmsSystemEventReceiver: pid=639 uid=10017 gids={3003, 1015}
V/AlarmClock(  618): AlarmInitReceiver finished
I/ActivityThread(  639): Pub mms_temp_file: com.android.mms.TempFileProvider
I/ActivityThread(  639): Pub com.android.mms.SuggestionsProvider: com.android.mms.SuggestionsProvider
V/MmsConfig(  639): mnc/mcc: 310260
V/MmsConfig(  639): tag: bool value: enabledMMS - true
V/MmsConfig(  639): tag: int value: maxMessageSize - 307200
V/MmsConfig(  639): tag: int value: maxImageHeight - 480
V/MmsConfig(  639): tag: int value: maxImageWidth - 640
V/MmsConfig(  639): tag: int value: defaultSMSMessagesPerThread - 500
V/MmsConfig(  639): tag: int value: defaultMMSMessagesPerThread - 50
V/MmsConfig(  639): tag: int value: minMessageCountPerThread - 10
V/MmsConfig(  639): tag: int value: maxMessageCountPerThread - 5000
V/MmsConfig(  639): tag: string value: uaProfUrl - http://www.google.com/oha/rdf/ua-profile-kila.xml
V/MmsConfig(  639): tag: int value: recipientLimit - -1
V/MmsConfig(  639): tag: int value: smsToMmsTextThreshold - 4
V/MmsConfig(  639): tag: bool value: enableMultipartSMS - true
V/MmsConfig(  639): tag: bool value: enableSlideDuration - true
V/MmsConfig(  639): tag: int value: maxMessageTextSize - -1
D/MmsSmsDatabaseHelper(  458): [MmsSmsDb] hasAutoIncrement: CREATE TABLE threads (_id INTEGER PRIMARY KEY AUTOINCREMENT,date INTEGER DEFAULT 0,message_count INTEGER DEFAULT 0,recipient_ids TEXT,snippet TEXT,snippet_cs INTEGER DEFAULT 0,read INTEGER DEFAULT 1,type INTEGER DEFAULT 0,error INTEGER DEFAULT 0,has_attachment INTEGER DEFAULT 0) result: true
D/MmsSmsDatabaseHelper(  458): [getWritableDatabase] hasAutoIncrement: true
D/CountryDetectorService(  378): The first listener is added
D/StrictMode(  639): StrictMode policy violation; ~duration=735 ms: android.os.StrictMode$StrictModeDiskReadViolation: policy=2711 violation=2
D/StrictMode(  639): 	at android.os.StrictMode$AndroidBlockGuardPolicy.onReadFromDisk(StrictMode.java:1074)
D/StrictMode(  639): 	at android.app.SharedPreferencesImpl.awaitLoadedLocked(SharedPreferencesImpl.java:184)
D/StrictMode(  639): 	at android.app.SharedPreferencesImpl.getBoolean(SharedPreferencesImpl.java:241)
D/StrictMode(  639): 	at android.preference.PreferenceManager.setDefaultValues(PreferenceManager.java:458)
D/StrictMode(  639): 	at android.preference.PreferenceManager.setDefaultValues(PreferenceManager.java:440)
D/StrictMode(  639): 	at com.android.mms.MmsApp.onCreate(MmsApp.java:64)
D/StrictMode(  639): 	at android.app.Instrumentation.callApplicationOnCreate(Instrumentation.java:969)
D/StrictMode(  639): 	at android.app.ActivityThread.handleBindApplication(ActivityThread.java:3925)
D/StrictMode(  639): 	at android.app.ActivityThread.access$1300(ActivityThread.java:122)
D/StrictMode(  639): 	at android.app.ActivityThread$H.handleMessage(ActivityThread.java:1184)
D/StrictMode(  639): 	at android.os.Handler.dispatchMessage(Handler.java:99)
D/StrictMode(  639): 	at android.os.Looper.loop(Looper.java:137)
D/StrictMode(  639): 	at android.app.ActivityThread.main(ActivityThread.java:4340)
D/StrictMode(  639): 	at java.lang.reflect.Method.invokeNative(Native Method)
D/StrictMode(  639): 	at java.lang.reflect.Method.invoke(Method.java:511)
D/StrictMode(  639): 	at com.android.internal.os.ZygoteInit$MethodAndArgsCaller.run(ZygoteInit.java:784)
D/StrictMode(  639): 	at com.android.internal.os.ZygoteInit.main(ZygoteInit.java:551)
D/StrictMode(  639): 	at dalvik.system.NativeStart.main(Native Method)
D/StrictMode(  639): StrictMode policy violation; ~duration=417 ms: android.os.StrictMode$StrictModeDiskReadViolation: policy=2711 violation=2
D/StrictMode(  639): 	at android.os.StrictMode$AndroidBlockGuardPolicy.onReadFromDisk(StrictMode.java:1074)
D/StrictMode(  639): 	at android.app.SharedPreferencesImpl.awaitLoadedLocked(SharedPreferencesImpl.java:184)
D/StrictMode(  639): 	at android.app.SharedPreferencesImpl.getBoolean(SharedPreferencesImpl.java:241)
D/StrictMode(  639): 	at com.android.mms.util.DownloadManager.getAutoDownloadState(DownloadManager.java:154)
D/StrictMode(  639): 	at com.android.mms.util.DownloadManager.getAutoDownloadState(DownloadManager.java:150)
D/StrictMode(  639): 	at com.android.mms.util.DownloadManager.<init>(DownloadManager.java:121)
D/StrictMode(  639): 	at com.android.mms.util.DownloadManager.init(DownloadManager.java:139)
D/StrictMode(  639): 	at com.android.mms.MmsApp.onCreate(MmsApp.java:70)
D/StrictMode(  639): 	at android.app.Instrumentation.callApplicationOnCreate(Instrumentation.java:969)
D/StrictMode(  639): 	at android.app.ActivityThread.handleBindApplication(ActivityThread.java:3925)
D/StrictMode(  639): 	at android.app.ActivityThread.access$1300(ActivityThread.java:122)
D/StrictMode(  639): 	at android.app.ActivityThread$H.handleMessage(ActivityThread.java:1184)
D/StrictMode(  639): 	at android.os.Handler.dispatchMessage(Handler.java:99)
D/StrictMode(  639): 	at android.os.Looper.loop(Looper.java:137)
D/StrictMode(  639): 	at android.app.ActivityThread.main(ActivityThread.java:4340)
D/StrictMode(  639): 	at java.lang.reflect.Method.invokeNative(Native Method)
D/StrictMode(  639): 	at java.lang.reflect.Method.invoke(Method.java:511)
D/StrictMode(  639): 	at com.android.internal.os.ZygoteInit$MethodAndArgsCaller.run(ZygoteInit.java:784)
D/StrictMode(  639): 	at com.android.internal.os.ZygoteInit.main(ZygoteInit.java:551)
D/StrictMode(  639): 	at dalvik.system.NativeStart.main(Native Method)
D/StrictMode(  639): StrictMode policy violation; ~duration=137 ms: android.os.StrictMode$StrictModeDiskReadViolation: policy=2967 violation=2
D/StrictMode(  639): 	at android.os.StrictMode$AndroidBlockGuardPolicy.onReadFromDisk(StrictMode.java:1074)
D/StrictMode(  639): 	at android.database.sqlite.SQLiteDatabase.rawQueryWithFactory(SQLiteDatabase.java:1557)
D/StrictMode(  639): 	at android.database.sqlite.SQLiteDatabase.queryWithFactory(SQLiteDatabase.java:1449)
D/StrictMode(  639): 	at android.database.sqlite.SQLiteDatabase.query(SQLiteDatabase.java:1405)
D/StrictMode(  639): 	at android.database.sqlite.SQLiteDatabase.query(SQLiteDatabase.java:1485)
D/StrictMode(  639): 	at com.android.providers.telephony.MmsProvider.deleteDataRows(MmsProvider.java:617)
D/StrictMode(  639): 	at com.android.providers.telephony.MmsProvider.deleteTempDrmData(MmsProvider.java:612)
D/StrictMode(  639): 	at com.android.providers.telephony.MmsProvider.delete(MmsProvider.java:561)
D/StrictMode(  639): 	at android.content.ContentProvider$Transport.delete(ContentProvider.java:213)
D/StrictMode(  639): 	at android.content.ContentProviderNative.onTransact(ContentProviderNative.java:192)
D/StrictMode(  639): 	at android.os.Binder.execTransact(Binder.java:338)
D/StrictMode(  639): 	at dalvik.system.NativeStart.run(Native Method)
D/StrictMode(  639): # via Binder call with stack:
D/StrictMode(  639): android.os.StrictMode$LogStackTrace
D/StrictMode(  639): 	at android.os.StrictMode.readAndHandleBinderCallViolations(StrictMode.java:1602)
D/StrictMode(  639): 	at android.os.Parcel.readExceptionCode(Parcel.java:1309)
D/StrictMode(  639): 	at android.database.DatabaseUtils.readExceptionFromParcel(DatabaseUtils.java:132)
D/StrictMode(  639): 	at android.content.ContentProviderProxy.delete(ContentProviderNative.java:479)
D/StrictMode(  639): 	at android.content.ContentResolver.delete(ContentResolver.java:821)
D/StrictMode(  639): 	at android.database.sqlite.SqliteWrapper.delete(SqliteWrapper.java:90)
